[13:51:41]: DEBUG: Starting server
[13:51:43]: Caught SIGINT, quitting...

